Microchip MPLAB XC8 Compiler V1.43 ()

Linker command line:

-W-3 --edf=C:\Program Files (x86)\Microchip\xc8\v1.43\dat\en_msgs.txt -cs \
  -h+dist/default/production\Ultrasonic.X.production.sym \
  --cmf=dist/default/production\Ultrasonic.X.production.cmf -z -Q12F675 \
  -oC:\Users\plivai\AppData\Local\Temp\s1co.2 \
  -Mdist/default/production/Ultrasonic.X.production.map -E1 -ver=XC8 \
  -ASTACK=050h-05dh -pstack=STACK -ACODE=00h-03FEh -ASTRCODE=00h-03FEh \
  -ASTRING=00h-0FFhx3,0300h-03FEh -ACONST=00h-0FFhx3,0300h-03FEh \
  -AENTRY=00h-0FFhx3,0300h-03FEh -ABANK0=020h-05Dh -ARAM=020h-05Dh \
  -AABS1=020h-05Fh -ACOMMON=05Eh-05Fh -ASFR0=00h-01Fh -ASFR1=080h-0DDh \
  -preset_vec=00h,intentry=04h,init,end_init -ppowerup=CODE -pcinit=CODE \
  -pfunctab=ENTRY -ACONFIG=02007h-02007h -pconfig=CONFIG -DCONFIG=2 \
  -AIDLOC=02000h-02003h -pidloc=IDLOC -DIDLOC=2 -AEEDATA=00h-07Fh/02100h \
  -peeprom_data=EEDATA -DEEDATA=2 -posccal=03FFh -DCODE=2 -DSTRCODE=2 \
  -DSTRING=2 -DCONST=2 -DENTRY=2 -k \
  C:\Users\plivai\AppData\Local\Temp\s1co.obj \
  dist/default/production\Ultrasonic.X.production.obj 

Object code version is 3.11

Machine type is 12F675



                Name                               Link     Load   Length Selector   Space Scale
C:\Users\plivai\AppData\Local\Temp\s1co.obj
                end_init                              F        F        1        8       0
                reset_vec                             0        0        1        0       0
                config                             2007     2007        1     400E       0
dist/default/production\Ultrasonic.X.production.obj
                cinit                                10       10        E        8       0
                intentry                              4        4        B        8       0
                text2                               191      191       25        8       0
                text1                               1B6      1B6       22        8       0
                maintext                             1E       1E      173        8       0
                cstackBANK0                          3A       3A       12       20       1
                clrtext                             1D8      1D8        8        8       0
                dataBANK0                            4D       4D        3       20       1
                bssBANK0                             20       20       1A       20       1
                bitbssBANK0                         260       4C        3       20       1     8
                strings                             1E0      1E0        7      3C0       0
                idataBANK0                          1E7      1E7        3      3CE       0

TOTAL           Name                               Link     Load   Length     Space
        CLASS   STACK          

        CLASS   CODE           
                end_init                              F        F        1         0
                cinit                                10       10        E         0
                intentry                              4        4        B         0
                reset_vec                             0        0        1         0
                text2                               191      191       25         0
                text1                               1B6      1B6       22         0
                maintext                             1E       1E      173         0
                clrtext                             1D8      1D8        8         0
                idataBANK0                          1E7      1E7        3         0

        CLASS   STRCODE        

        CLASS   STRING         
                strings                             1E0      1E0        7         0

        CLASS   CONST          

        CLASS   ENTRY          

        CLASS   BANK0          
                cstackBANK0                          3A       3A       12         1
                dataBANK0                            4D       4D        3         1
                bssBANK0                             20       20       1A         1
                bitbssBANK0                         260       4C        3         1

        CLASS   RAM            

        CLASS   ABS1           
                abs_s1                               5E       5E        2         1

        CLASS   COMMON         

        CLASS   SFR0           

        CLASS   SFR1           

        CLASS   CONFIG         
                config                             2007     2007        1         0

        CLASS   IDLOC          

        CLASS   EEDATA         

        CLASS   BANK1          



SEGMENTS        Name                           Load    Length   Top    Selector   Space  Class     Delta

                reset_vec                      000000  000001  000001         0       0  CODE        2
                intentry                       000004  0001DC  0001E0         8       0  CODE        2
                bssBANK0                       000020  000030  000050        20       1  BANK0       1
                strings                        0001E0  000007  0001E7       3C0       0  STRING      2
                idataBANK0                     0001E7  000003  0001EA       3CE       0  CODE        2
                config                         002007  000001  002008      400E       0  CONFIG      2


UNUSED ADDRESS RANGES

        Name                Unused          Largest block    Delta
        BANK0            0050-005D              E           1
        CODE             0001-0003              3           2
                         01EA-03FE            215
        CONST            0001-0003              3           2
                         01EA-03FE            100
        EEDATA           2100-217F             80           2
        ENTRY            0001-0003              3           2
                         01EA-03FE            100
        IDLOC            2000-2003              4           2
        RAM              0050-005D              E           1
        SFR0             0000-001F             20           1
        SFR1             0080-00DD             5E           1
        STACK            0050-005D              E           1
        STRCODE          0001-0003              3           2
                         01EA-03FE            215
        STRING           0001-0003              3           2
                         01EA-03FE            100

                                  Symbol Table

?___wmul                 cstackBANK0  003F
_ADCS0                   (abs)        04FC
_ADCS1                   (abs)        04FD
_ADCS2                   (abs)        04FE
_ADFM                    (abs)        00FF
_ADON                    (abs)        00F8
_ADRESH                  (abs)        001E
_ADRESL                  (abs)        009E
_ANS2                    (abs)        04FA
_ANS3                    (abs)        04FB
_CHS0                    (abs)        00FA
_CHS1                    (abs)        00FB
_CMCON                   (abs)        0019
_GIE                     (abs)        005F
_GO                      (abs)        00F9
_GPIF                    (abs)        0058
_GPIO                    (abs)        0005
_GPIO3                   (abs)        002B
_GPIO5                   (abs)        002D
_INTCON                  (abs)        000B
_IOC3                    (abs)        04B3
_ISR                     text2        0191
_PS0                     (abs)        0408
_PS1                     (abs)        0409
_PS2                     (abs)        040A
_PSA                     (abs)        040B
_T0CS                    (abs)        040D
_T0IE                    (abs)        005D
_T0IF                    (abs)        005A
_TMR0                    (abs)        0001
_TRISIO                  (abs)        0085
_VCFG                    (abs)        00FE
_VRCON                   (abs)        0099
__BbitbssBANK0           bitbssBANK0  07FE
__CFG_BOREN$OFF          (abs)        0000
__CFG_CP$OFF             (abs)        0000
__CFG_CPD$OFF            (abs)        0000
__CFG_FOSC$INTRCIO       (abs)        0000
__CFG_MCLRE$OFF          (abs)        0000
__CFG_PWRTE$OFF          (abs)        0000
__CFG_WDTE$OFF           (abs)        0000
__Habs1                  abs1         07FE
__Hbank0                 bank0        07FE
__Hbank1                 bank1        07FE
__HbitbssBANK0           bitbssBANK0  3FF0
__HbssBANK0              bssBANK0     07FE
__Hcinit                 cinit        001E
__Hclrtext               clrtext      07FE
__Hcode                  code         07FE
__Hcommon                common       07FE
__Hconfig                config       2008
__HcstackBANK0           cstackBANK0  07FE
__HcstackCOMMON          cstackCOMMON 07FE
__HdataBANK0             dataBANK0    07FE
__Heeprom_data           eeprom_data  0000
__Hend_init              end_init     0010
__Hfunctab               functab      0000
__HidataBANK0            idataBANK0   07FE
__Hidloc                 idloc        0000
__Hinit                  init         000F
__Hintentry              intentry     000F
__Hmaintext              maintext     07FE
__Hosccal                osccal       03FF
__Hpowerup               powerup      0000
__Hram                   ram          07FE
__Hreset_vec             reset_vec    0001
__Hsfr0                  sfr0         07FE
__Hsfr1                  sfr1         07FE
__Hspace_0               (abs)        3FF0
__Hspace_1               (abs)        07FE
__Hspace_2               (abs)        0000
__Hspace_3               (abs)        0000
__Hstack                 stack        0000
__Hstrings               strings      07FE
__Htext                  text         07FE
__Labs1                  abs1         07FE
__Lbank0                 bank0        07FE
__Lbank1                 bank1        07FE
__LbitbssBANK0           bitbssBANK0  3FF0
__LbssBANK0              bssBANK0     07FE
__Lcinit                 cinit        0010
__Lclrtext               clrtext      07FE
__Lcode                  code         07FE
__Lcommon                common       07FE
__Lconfig                config       2007
__LcstackBANK0           cstackBANK0  07FE
__LcstackCOMMON          cstackCOMMON 07FE
__LdataBANK0             dataBANK0    07FE
__Leeprom_data           eeprom_data  0000
__Lend_init              end_init     000F
__Lfunctab               functab      0000
__LidataBANK0            idataBANK0   07FE
__Lidloc                 idloc        0000
__Linit                  init         000F
__Lintentry              intentry     0004
__Lmaintext              maintext     07FE
__Losccal                osccal       03FF
__Lpowerup               powerup      0000
__Lram                   ram          07FE
__Lreset_vec             reset_vec    0000
__Lsfr0                  sfr0         07FE
__Lsfr1                  sfr1         07FE
__Lspace_0               (abs)        0000
__Lspace_1               (abs)        0000
__Lspace_2               (abs)        0000
__Lspace_3               (abs)        0000
__Lstack                 stack        0000
__Lstrings               strings      07FE
__Ltext                  text         07FE
__S0                     (abs)        2008
__S1                     (abs)        0050
__S2                     (abs)        0000
__S3                     (abs)        0000
___int_sp                stack        0000
___latbits               (abs)        0000
___osccal_val            osccal       03FF
___sp                    stack        0000
___wmul                  text1        01B6
___wmul@multiplicand     cstackBANK0  0041
___wmul@multiplier       cstackBANK0  003F
___wmul@product          cstackBANK0  0043
__end_of_ISR             text2        01B6
__end_of___wmul          text1        01D8
__end_of__initialization cinit        001C
__end_of__stringtab      strings      01E6
__end_of_main            maintext     0191
__end_of_n_bins          strings      01E7
__initialization         cinit        0010
__pbitbssBANK0           bitbssBANK0  0260
__pbssBANK0              bssBANK0     0020
__pcstackBANK0           cstackBANK0  003A
__pcstackCOMMON          cstackCOMMON 0000
__pdataBANK0             dataBANK0    004D
__pidataBANK0            idataBANK0   01E7
__pintentry              intentry     0004
__pmaintext              maintext     001E
__pstrings               strings      01E0
__ptext1                 text1        01B6
__ptext2                 text2        0191
__size_of_ISR            (abs)        0000
__size_of___wmul         (abs)        0000
__size_of_main           (abs)        0000
__stringbase             strings      01E5
__stringtab              strings      01E0
_a1                      bssBANK0     002B
_a2                      bssBANK0     0029
_dc_offset               bssBANK0     002F
_delay_time              bssBANK0     0037
_flag_button             bitbssBANK0  0262
_h1                      bssBANK0     0034
_h2                      bssBANK0     0033
_led_on                  bitbssBANK0  0261
_mag                     bssBANK0     0020
_main                    maintext     001E
_n_pings                 dataBANK0    004F
_n_time_off              dataBANK0    004D
_old_mag                 bssBANK0     0023
_ping_time_count         bssBANK0     0038
_pulse_sensitivity       bssBANK0     002D
_temp                    bssBANK0     0026
_time_count              bssBANK0     0031
_tmp_GPIO                bssBANK0     0036
btemp                    (abs)        005E
clear_ram0               clrtext      01D8
end_of_initialization    cinit        001C
interrupt_function       intentry     0004
intlevel0                functab      0000
intlevel1                functab      0000
intlevel2                functab      0000
intlevel3                functab      0000
intlevel4                functab      0000
intlevel5                functab      0000
main@i                   cstackBANK0  004B
reset_vec                reset_vec    0000
saved_w                  (abs)        005E
stackhi                  (abs)        0000
stacklo                  (abs)        0000
start                    init         000F
start_initialization     cinit        0010
wtemp0                   (abs)        005E


FUNCTION INFORMATION:

 *************** function _main *****************
 Defined at:
		line 75 in file "../../main.c"
 Parameters:    Size  Location     Type
		None
 Auto vars:     Size  Location     Type
  i               1   17[BANK0 ] unsigned char 
 Return value:  Size  Location     Type
                  1    wreg      void 
 Registers used:
		wreg, status,2, status,0, btemp+1, pclath, cstack
 Tracked objects:
		On entry : 
		On exit  : 
		Unchanged: 
 Data sizes:     COMMON   BANK0
      Params:         0       0
      Locals:         0       1
      Temps:          0       6
      Totals:         0       7
Total ram usage:        7 bytes
 Hardware stack levels required when called:    2
 This function calls:
		___wmul
 This function is called by:
		Startup code after reset
 This function uses a non-reentrant model


 *************** function ___wmul *****************
 Defined at:
		line 15 in file "C:\Program Files (x86)\Microchip\xc8\v1.43\sources\common\Umul16.c"
 Parameters:    Size  Location     Type
  multiplier      2    5[BANK0 ] unsigned int 
  multiplicand    2    7[BANK0 ] unsigned int 
 Auto vars:     Size  Location     Type
  product         2    9[BANK0 ] unsigned int 
 Return value:  Size  Location     Type
                  2    5[BANK0 ] unsigned int 
 Registers used:
		wreg, status,2, status,0
 Tracked objects:
		On entry : 
		On exit  : 
		Unchanged: 
 Data sizes:     COMMON   BANK0
      Params:         0       4
      Locals:         0       2
      Temps:          0       0
      Totals:         0       6
Total ram usage:        6 bytes
 Hardware stack levels used:    1
 Hardware stack levels required when called:    1
 This function calls:
		Nothing
 This function is called by:
		_main
 This function uses a non-reentrant model


 *************** function _ISR *****************
 Defined at:
		line 258 in file "../../main.c"
 Parameters:    Size  Location     Type
		None
 Auto vars:     Size  Location     Type
		None
 Return value:  Size  Location     Type
                  1    wreg      void 
 Registers used:
		wreg, status,2, status,0
 Tracked objects:
		On entry : 
		On exit  : 
		Unchanged: 
 Data sizes:     COMMON   BANK0
      Params:         0       0
      Locals:         0       0
      Temps:          0       5
      Totals:         0       5
Total ram usage:        5 bytes
 Hardware stack levels used:    1
 This function calls:
		Nothing
 This function is called by:
		Interrupt level 1
 This function uses a non-reentrant model



MODULE INFORMATION

Module		Function		Class		Link	Load	Size
../../main.c
		_ISR           		CODE           	0191	0000	38
		_main          		CODE           	001E	0000	372

../../main.c estimated size: 410

shared
		_n_bins        		STRING         	0000	0000	0
		__stringtab    		STRING         	01E0	0000	7
		__initialization		CODE           	0010	0000	13

shared estimated size: 20

C:\Program Files (x86)\Microchip\xc8\v1.43\sources\common\Umul16.c
		___wmul        		CODE           	01B6	0000	35

C:\Program Files (x86)\Microchip\xc8\v1.43\sources\common\Umul16.c estimated size: 35

